Connecting to: localhost:5001
Stopped at tests/debugger/do_help.js:15
(jerry-debugger) help

Documented commands (type help <topic>):
========================================
b          bt        delete   e          f       list      n     s       src  
backtrace  c         display  eval       finish  memstats  next  scroll  step 
break      continue  dump     exception  help    ms        quit  source  throw

(jerry-debugger) quit
